
> habit-tracker@0.1.0 build
> prisma generate && next build

node.exe : Environment 
variables loaded from .env
At C:\Program 
Files\nodejs\npm.ps1:29 char:3
+   & $NODE_EXE $NPM_CLI_JS 
$args
+   
~~~~~~~~~~~~~~~~~~~~~~~~~~~~~
    + CategoryInfo          : N 
   otSpecified: (Environment v  
  ariables loaded from .env:S   
 tring) [], RemoteException
    + FullyQualifiedErrorId : N 
   ativeCommandError
 
Prisma schema loaded from prisma\schema.prisma

Γ£ö Generated Prisma Client (v6.19.2) to .\node_modules\.pnpm\@prisma+client@6.19.2_prism_6b2b1af085fe6797f5a5ea830937a8e3\node_modules\@prisma\client in 215ms

Start by importing your Prisma Client (See: https://pris.ly/d/importing-client)

Tip: Interested in query caching in just a few lines of code? Try Accelerate today! https://pris.ly/tip-3-accelerate

Γû▓ Next.js 16.1.6 (Turbopack)
- Environments: .env

  Creating an optimized production build ...
Γ£ô Compiled successfully in 29.2s
  Running TypeScript ...
Failed to compile.

./components/blueprint/Blueprint
Form.tsx:31:9
Type error: Type 'Resolver<{ 
goal: string; currentSituation: 
string; timeline: unknown; }, 
any, { goal: string; 
currentSituation: string; 
timeline: number; }>' is not 
assignable to type 'Resolver<{ 
goal: string; currentSituation: 
string; timeline: number; }, 
any, { goal: string; 
currentSituation: string; 
timeline: number; }>'.
  Types of parameters 'options' 
and 'options' are incompatible.
    Type 'ResolverOptions<{ 
goal: string; currentSituation: 
string; timeline: number; }>' 
is not assignable to type 
'ResolverOptions<{ goal: 
string; currentSituation: 
string; timeline: unknown; }>'.
      Type 'unknown' is not 
assignable to type 'number'.

[0m [90m 29 |[39m
 [90m 30 |[39m     
[36mconst[39m form 
[33m=[39m useForm[33m<[39m[
33mz[39m[33m.[39minfer[33m<
[39m[36mtypeof[39m 
formSchema[33m>>[39m({
[31m[1m>[22m[39m[90m 31 
|[39m         
resolver[33m:[39m zodResolver(
formSchema)[33m,[39m
 [90m    |[39m         
[31m[1m^[22m[39m
 [90m 32 |[39m         
defaultValues[33m:[39m {
 [90m 33 |[39m             
goal[33m:[39m 
[32m""[39m[33m,[39m
 [90m 34 |[39m             
currentSituation[33m:[39m 
[32m""[39m[33m,[39m[0m
Next.js build worker exited 
with code: 1 and signal: null
