app/(dashboard)/tasks/page.tsx(61,37): error TS2322: Type '{ key: any; task: any; reminderTime: Date; category: any; status: any; }' is not assignable to type 'IntrinsicAttributes & TodoProps'.
  Property 'reminderTime' does not exist on type 'IntrinsicAttributes & TodoProps'.
app/(dashboard)/todos/page.tsx(132,29): error TS2322: Type '{ key: any; id: any; task: any; reminderTime: Date; category: any; status: any; completed: any; onToggleComplete: (id: string, completed: boolean) => void; }' is not assignable to type 'IntrinsicAttributes & TodoProps'.
  Property 'reminderTime' does not exist on type 'IntrinsicAttributes & TodoProps'.
app/actions/insights.ts(86,15): error TS2339: Property 'completed' does not exist on type '{ id: string; task: string; userId: string; createdAt: Date; updatedAt: Date; category: string | null; status: TodoStatus; targetDuration: number; deadline: Date | null; ... 5 more ...; challengeId: string | null; }'.
app/actions/insights.ts(86,30): error TS2339: Property 'completedAt' does not exist on type '{ id: string; task: string; userId: string; createdAt: Date; updatedAt: Date; category: string | null; status: TodoStatus; targetDuration: number; deadline: Date | null; ... 5 more ...; challengeId: string | null; }'.
app/actions/insights.ts(86,58): error TS2339: Property 'completedAt' does not exist on type '{ id: string; task: string; userId: string; createdAt: Date; updatedAt: Date; category: string | null; status: TodoStatus; targetDuration: number; deadline: Date | null; ... 5 more ...; challengeId: string | null; }'.
app/actions/journey.ts(24,26): error TS2353: Object literal may only specify known properties, and 'completed' does not exist in type 'TodoWhereInput'.
app/actions/journey.ts(41,10): error TS2339: Property 'habits' does not exist on type '{ name: string | null; id: string; email: string | null; password: string | null; phone: string | null; whatsappEnabled: boolean; dailyGoalsEnabled: boolean; emailVerified: Date | null; ... 21 more ...; updatedAt: Date; }'.
app/actions/journey.ts(41,25): error TS7006: Parameter 'habit' implicitly has an 'any' type.
app/actions/journey.ts(42,28): error TS7006: Parameter 'log' implicitly has an 'any' type.
app/actions/journey.ts(55,10): error TS2339: Property 'todos' does not exist on type '{ name: string | null; id: string; email: string | null; password: string | null; phone: string | null; whatsappEnabled: boolean; dailyGoalsEnabled: boolean; emailVerified: Date | null; ... 21 more ...; updatedAt: Date; }'.
app/actions/journey.ts(55,24): error TS7006: Parameter 'todo' implicitly has an 'any' type.
app/actions/journey.ts(69,10): error TS2339: Property 'tasks' does not exist on type '{ name: string | null; id: string; email: string | null; password: string | null; phone: string | null; whatsappEnabled: boolean; dailyGoalsEnabled: boolean; emailVerified: Date | null; ... 21 more ...; updatedAt: Date; }'.
app/actions/journey.ts(69,24): error TS7006: Parameter 'task' implicitly has an 'any' type.
app/api/cron/eod-analysis/route.ts(54,19): error TS2353: Object literal may only specify known properties, and 'reminderTime' does not exist in type 'TodoWhereInput'.
app/api/cron/eod-analysis/route.ts(65,19): error TS2353: Object literal may only specify known properties, and 'completedAt' does not exist in type 'TodoWhereInput'.
app/api/cron/test-reminders/route.ts(35,29): error TS1117: An object literal cannot have multiple properties with the same name.
app/api/cron/whatsapp-reminders/route.ts(29,9): error TS2353: Object literal may only specify known properties, and 'reminderTime' does not exist in type 'TodoWhereInput'.
app/api/cron/whatsapp-reminders/route.ts(48,90): error TS2339: Property 'user' does not exist on type '{ id: string; task: string; userId: string; createdAt: Date; updatedAt: Date; category: string | null; status: TodoStatus; targetDuration: number; deadline: Date | null; ... 5 more ...; challengeId: string | null; }'.
app/api/cron/whatsapp-reminders/route.ts(50,17): error TS2339: Property 'user' does not exist on type '{ id: string; task: string; userId: string; createdAt: Date; updatedAt: Date; category: string | null; status: TodoStatus; targetDuration: number; deadline: Date | null; ... 5 more ...; challengeId: string | null; }'.
app/api/cron/whatsapp-reminders/route.ts(53,66): error TS2339: Property 'user' does not exist on type '{ id: string; task: string; userId: string; createdAt: Date; updatedAt: Date; category: string | null; status: TodoStatus; targetDuration: number; deadline: Date | null; ... 5 more ...; challengeId: string | null; }'.
app/api/cron/whatsapp-reminders/route.ts(56,18): error TS2339: Property 'user' does not exist on type '{ id: string; task: string; userId: string; createdAt: Date; updatedAt: Date; category: string | null; status: TodoStatus; targetDuration: number; deadline: Date | null; ... 5 more ...; challengeId: string | null; }'.
app/api/cron/whatsapp-reminders/route.ts(58,18): error TS2339: Property 'user' does not exist on type '{ id: string; task: string; userId: string; createdAt: Date; updatedAt: Date; category: string | null; status: TodoStatus; targetDuration: number; deadline: Date | null; ... 5 more ...; challengeId: string | null; }'.
app/api/cron/whatsapp-reminders/route.ts(65,21): error TS2353: Object literal may only specify known properties, and 'whatsappNotified' does not exist in type '(Without<TodoUpdateInput, TodoUncheckedUpdateInput> & TodoUncheckedUpdateInput) | (Without<...> & TodoUpdateInput)'.
app/api/cron/whatsapp-reminders/route.ts(71,53): error TS2339: Property 'user' does not exist on type '{ id: string; task: string; userId: string; createdAt: Date; updatedAt: Date; category: string | null; status: TodoStatus; targetDuration: number; deadline: Date | null; ... 5 more ...; challengeId: string | null; }'.
app/api/daily-goals/route.ts(116,24): error TS2353: Object literal may only specify known properties, and 'reminderTime' does not exist in type 'TodoOrderByWithRelationInput | TodoOrderByWithRelationInput[]'.
app/api/daily-goals/route.ts(153,39): error TS2339: Property 'plannedTime' does not exist on type '{ id: string; task: string; userId: string; createdAt: Date; updatedAt: Date; category: string | null; status: TodoStatus; targetDuration: number; deadline: Date | null; ... 5 more ...; challengeId: string | null; }'.
app/api/daily-goals/route.ts(154,40): error TS2339: Property 'reminderTime' does not exist on type '{ id: string; task: string; userId: string; createdAt: Date; updatedAt: Date; category: string | null; status: TodoStatus; targetDuration: number; deadline: Date | null; ... 5 more ...; challengeId: string | null; }'.
app/api/daily-goals/route.ts(155,37): error TS2339: Property 'completed' does not exist on type '{ id: string; task: string; userId: string; createdAt: Date; updatedAt: Date; category: string | null; status: TodoStatus; targetDuration: number; deadline: Date | null; ... 5 more ...; challengeId: string | null; }'.
app/api/daily-goals/route.ts(156,39): error TS2339: Property 'completedAt' does not exist on type '{ id: string; task: string; userId: string; createdAt: Date; updatedAt: Date; category: string | null; status: TodoStatus; targetDuration: number; deadline: Date | null; ... 5 more ...; challengeId: string | null; }'.
app/api/daily-goals/route.ts(157,41): error TS2339: Property 'sessions' does not exist on type '{ id: string; task: string; userId: string; createdAt: Date; updatedAt: Date; category: string | null; status: TodoStatus; targetDuration: number; deadline: Date | null; ... 5 more ...; challengeId: string | null; }'.
app/api/daily-goals/route.ts(162,57): error TS2339: Property 'completed' does not exist on type '{ id: string; task: string; userId: string; createdAt: Date; updatedAt: Date; category: string | null; status: TodoStatus; targetDuration: number; deadline: Date | null; ... 5 more ...; challengeId: string | null; }'.
app/api/daily-goals/route.ts(163,56): error TS2339: Property 'completed' does not exist on type '{ id: string; task: string; userId: string; createdAt: Date; updatedAt: Date; category: string | null; status: TodoStatus; targetDuration: number; deadline: Date | null; ... 5 more ...; challengeId: string | null; }'.
app/api/daily-goals/route.ts(165,54): error TS2339: Property 'completed' does not exist on type '{ id: string; task: string; userId: string; createdAt: Date; updatedAt: Date; category: string | null; status: TodoStatus; targetDuration: number; deadline: Date | null; ... 5 more ...; challengeId: string | null; }'.
app/api/todos/[id]/sessions/route.ts(69,44): error TS2339: Property 'startedAt' does not exist on type '{ id: string; userId: string; createdAt: Date; updatedAt: Date; targetDuration: number | null; todoId: string; startTime: Date; endTime: Date | null; breakDuration: number; ... 4 more ...; extraTime: number; }'.
app/api/todos/[id]/sessions/route.ts(83,47): error TS2339: Property 'startedAt' does not exist on type '{ id: string; userId: string; createdAt: Date; updatedAt: Date; targetDuration: number | null; todoId: string; startTime: Date; endTime: Date | null; breakDuration: number; ... 4 more ...; extraTime: number; }'.
app/api/todos/[id]/sessions/route.ts(106,59): error TS2339: Property 'status' does not exist on type '{ id: string; userId: string; createdAt: Date; updatedAt: Date; targetDuration: number | null; todoId: string; startTime: Date; endTime: Date | null; breakDuration: number; ... 4 more ...; extraTime: number; }'.
app/api/todos/[id]/sessions/route.ts(112,25): error TS2353: Object literal may only specify known properties, and 'completed' does not exist in type '(Without<TodoUpdateInput, TodoUncheckedUpdateInput> & TodoUncheckedUpdateInput) | (Without<...> & TodoUpdateInput)'.
app/api/whatsapp/webhook/route.ts(109,21): error TS2353: Object literal may only specify known properties, and 'whatsappNotified' does not exist in type 'TodoWhereInput'.
app/api/whatsapp/webhook/route.ts(129,25): error TS2353: Object literal may only specify known properties, and 'completed' does not exist in type '(Without<TodoUpdateInput, TodoUncheckedUpdateInput> & TodoUncheckedUpdateInput) | (Without<...> & TodoUpdateInput)'.
app/api/whatsapp/webhook/route.ts(138,21): error TS2353: Object literal may only specify known properties, and 'reminderTime' does not exist in type '(Without<TodoUpdateInput, TodoUncheckedUpdateInput> & TodoUncheckedUpdateInput) | (Without<...> & TodoUpdateInput)'.
lib/agents/daily-goal-architect/tools.ts(83,29): error TS2353: Object literal may only specify known properties, and 'plannedTime' does not exist in type 'Without<TodoCreateInput, TodoUncheckedCreateInput> & TodoUncheckedCreateInput'.
lib/progress.ts(40,23): error TS2353: Object literal may only specify known properties, and 'reminderTime' does not exist in type 'TodoWhereInput'.
lib/progress.ts(43,31): error TS2353: Object literal may only specify known properties, and 'reminderTime' does not exist in type 'TodoWhereInput'.
